<HTML><HEAD><TITLE>Output Summary</TITLE></HEAD><BODY bgcolor="#FBF8BC"><PRE>
Tandem Repeats Finder Program written by:<CENTER>
Gary Benson
Program in Bioinformatics
Boston University
Version 4.09</CENTER>

Please cite:
G. Benson,
"Tandem repeats finder: a program to analyze DNA sequences"
Nucleic Acid Research(1999)
Vol. 27, No. 2, pp. 573-580.


<B>Multiple Sequence Summary</B>

Only sequences containing repeats are shown!

Click on sequence description to view repeat table.

<TABLE BORDER=1 CELLSPACING=0 CELLPADDING=0>
<TR><TD WIDTH=80><CENTER>Sequence
Index</CENTER></TD><TD WIDTH=400><CENTER>Sequence
Description</CENTER></TD><TD WIDTH=80><CENTER>Number of
Repeats</CENTER></TD></TR>
<TR><TD><CENTER>1</CENTER></TD><TD><CENTER><A TARGET="small_test.fasta.s1.2.7.7.80.10.50.500.1.html" HREF="small_test.fasta.s1.2.7.7.80.10.50.500.1.html">0</A></CENTER></TD><TD><CENTER>1</CENTER></TD></TR><TR><TD><CENTER>2</CENTER></TD><TD><CENTER><A TARGET="small_test.fasta.s2.2.7.7.80.10.50.500.1.html" HREF="small_test.fasta.s2.2.7.7.80.10.50.500.1.html">1</A></CENTER></TD><TD><CENTER>1</CENTER></TD></TR><TR><TD><CENTER>3</CENTER></TD><TD><CENTER><A TARGET="small_test.fasta.s3.2.7.7.80.10.50.500.1.html" HREF="small_test.fasta.s3.2.7.7.80.10.50.500.1.html">2</A></CENTER></TD><TD><CENTER>1</CENTER></TD></TR>
</TABLE>

</BODY></HTML>
