<HTML><HEAD><TITLE>small_test.fasta.s1.2.7.7.80.10.50.500.txt.html</TITLE></HEAD><BODY bgcolor="#FBF8BC"><PRE>
Tandem Repeats Finder Program written by:

                 Gary Benson
      Program in Bioinformatics
          Boston University

Version 4.09

Sequence: 0

Parameters: 2 7 7 80 10 50 500

Pmatch=0.80,Pindel=0.10
tuple sizes 0,4,5,7
tuple distances 0, 29, 159, 200

Length: 35
ACGTcount: A:0.14, C:0.29, G:0.29, T:0.29


Found at i:12 original size:7 final size:7

<A NAME="1--35,7,5.0,7,1"></A><A HREF="http://tandem.bu.edu/trf/trf.definitions.html#alignment" target ="explanation">Alignment explanation</A><BR><BR>
    Indices: 1--35  Score: 70
    Period size: 7  Copynumber: 5.0  Consensus size: 7

                   
          1 TCATCGG
          1 TCATCGG

                   
          8 TCATCGG
          1 TCATCGG

                   
         15 TCATCGG
          1 TCATCGG

                   
         22 TCATCGG
          1 TCATCGG

                   
         29 TCATCGG
          1 TCATCGG


Statistics
Matches: 28,  Mismatches: 0, Indels: 0
        1.00            0.00        0.00

Matches are distributed among these distances:
   7   28  1.00

ACGTcount: A:0.14, C:0.29, G:0.29, T:0.29


Consensus pattern (7 bp):   
TCATCGG

Left flanking sequence: None

Right flanking sequence: None


Done.
</PRE></BODY></HTML>
