<HTML><HEAD><TITLE>small_test.fasta.s3.2.7.7.80.10.50.500.1.html</TITLE><BASE TARGET="small_test.fasta.s3.2.7.7.80.10.50.500.txt.html"></HEAD><BODY bgcolor="#FBF8BC"><BR><PRE>Tandem Repeats Finder Program written by:</PRE><PRE><CENTER>Gary Benson<BR>Program in Bioinformatics<BR>Boston University<BR>Version 4.09<BR></CENTER>
Please cite:
G. Benson,
"Tandem repeats finder: a program to analyze DNA sequences"
Nucleic Acid Research(1999)
Vol. 27, No. 2, pp. 573-580.

Sequence: 2
Parameters: 2 7 7 80 10 50 500
Length:  1225</PRE>

<P><PRE>Tables:   1   

This is table  1  of  1  ( 1 repeats found )
</PRE><PRE>
Click on indices to view alignment
</PRE><A HREF="http://tandem.bu.edu/trf/trf.definitions.html#table" target = "explanation">Table Explanation</A><BR><BR>
<TABLE BORDER=1 CELLSPACING=0 CELLPADDING=0>
<TR><TD WIDTH=140><CENTER>Indices</CENTER></TD><TD WIDTH=80><CENTER>Period<BR>Size </CENTER></TD><TD WIDTH=70><CENTER>Copy<BR>Number</CENTER></TD><TD WIDTH=70><CENTER>Consensus<BR>Size</CENTER></TD><TD WIDTH=70><CENTER>Percent<BR>Matches</CENTER></TD><TD WIDTH=70><CENTER>Percent<BR>Indels</CENTER></TD><TD WIDTH=60><CENTER>Score</CENTER></TD><TD WIDTH=40><CENTER>A</CENTER></TD><TD WIDTH=40><CENTER>C</CENTER></TD><TD WIDTH=40><CENTER>G</CENTER></TD><TD WIDTH=40><CENTER>T</CENTER></TD><TD WIDTH=70><CENTER>Entropy<BR>(0-2)</CENTER></TD></TR>
<TR><TD><CENTER><A HREF="small_test.fasta.s3.2.7.7.80.10.50.500.1.txt.html#1--1225,35,35.0,35,1">1--1225</A></CENTER></TD><TD><CENTER>35</CENTER></TD><TD><CENTER>35.0</CENTER></TD><TD><CENTER>35</CENTER></TD><TD><CENTER>100</CENTER></TD><TD><CENTER>0</CENTER></TD><TD><CENTER>2450</CENTER></TD><TD><CENTER>28</CENTER></TD><TD><CENTER>22</CENTER></TD><TD><CENTER>20</CENTER></TD><TD><CENTER>28</CENTER></TD><TD><CENTER>1.98</CENTER></TD></TR>

</TABLE>

<P><PRE>Tables:   1   
</PRE><P>The End!

</BODY></HTML>
