<HTML><HEAD><TITLE>small_test.fasta.s2.2.7.7.80.10.50.500.txt.html</TITLE></HEAD><BODY bgcolor="#FBF8BC"><PRE>
Tandem Repeats Finder Program written by:

                 Gary Benson
      Program in Bioinformatics
          Boston University

Version 4.09

Sequence: 1

Parameters: 2 7 7 80 10 50 500

Pmatch=0.80,Pindel=0.10
tuple sizes 0,4,5,7
tuple distances 0, 29, 159, 200

Length: 84
ACGTcount: A:0.17, C:0.42, G:0.25, T:0.17


Found at i:17 original size:12 final size:12

<A NAME="1--84,12,7.0,12,1"></A><A HREF="http://tandem.bu.edu/trf/trf.definitions.html#alignment" target ="explanation">Alignment explanation</A><BR><BR>
    Indices: 1--84  Score: 168
    Period size: 12  Copynumber: 7.0  Consensus size: 12

                        
          1 ACCCCTCAGGGT
          1 ACCCCTCAGGGT

                        
         13 ACCCCTCAGGGT
          1 ACCCCTCAGGGT

                        
         25 ACCCCTCAGGGT
          1 ACCCCTCAGGGT

                        
         37 ACCCCTCAGGGT
          1 ACCCCTCAGGGT

                        
         49 ACCCCTCAGGGT
          1 ACCCCTCAGGGT

                        
         61 ACCCCTCAGGGT
          1 ACCCCTCAGGGT

                        
         73 ACCCCTCAGGGT
          1 ACCCCTCAGGGT


Statistics
Matches: 72,  Mismatches: 0, Indels: 0
        1.00            0.00        0.00

Matches are distributed among these distances:
  12   72  1.00

ACGTcount: A:0.17, C:0.42, G:0.25, T:0.17


Consensus pattern (12 bp):   
ACCCCTCAGGGT

Left flanking sequence: None

Right flanking sequence: None


Done.
</PRE></BODY></HTML>
