<HTML><HEAD><TITLE>small_test.fasta.s3.2.7.7.80.10.50.500.txt.html</TITLE></HEAD><BODY bgcolor="#FBF8BC"><PRE>
Tandem Repeats Finder Program written by:

                 Gary Benson
      Program in Bioinformatics
          Boston University

Version 4.09

Sequence: 2

Parameters: 2 7 7 80 10 50 500

Pmatch=0.80,Pindel=0.10
tuple sizes 0,4,5,7
tuple distances 0, 29, 159, 500

Length: 1225
ACGTcount: A:0.29, C:0.23, G:0.20, T:0.29


Found at i:47 original size:35 final size:35

<A NAME="1--1225,35,35.0,35,1"></A><A HREF="http://tandem.bu.edu/trf/trf.definitions.html#alignment" target ="explanation">Alignment explanation</A><BR><BR>
    Indices: 1--1225  Score: 2450
    Period size: 35  Copynumber: 35.0  Consensus size: 35

                                               
          1 TGACTATATCCGCAAATGAAGGCTGTTCTCTGACA
          1 TGACTATATCCGCAAATGAAGGCTGTTCTCTGACA

                                               
         36 TGACTATATCCGCAAATGAAGGCTGTTCTCTGACA
          1 TGACTATATCCGCAAATGAAGGCTGTTCTCTGACA

                                               
         71 TGACTATATCCGCAAATGAAGGCTGTTCTCTGACA
          1 TGACTATATCCGCAAATGAAGGCTGTTCTCTGACA

                                               
        106 TGACTATATCCGCAAATGAAGGCTGTTCTCTGACA
          1 TGACTATATCCGCAAATGAAGGCTGTTCTCTGACA

                                               
        141 TGACTATATCCGCAAATGAAGGCTGTTCTCTGACA
          1 TGACTATATCCGCAAATGAAGGCTGTTCTCTGACA

                                               
        176 TGACTATATCCGCAAATGAAGGCTGTTCTCTGACA
          1 TGACTATATCCGCAAATGAAGGCTGTTCTCTGACA

                                               
        211 TGACTATATCCGCAAATGAAGGCTGTTCTCTGACA
          1 TGACTATATCCGCAAATGAAGGCTGTTCTCTGACA

                                               
        246 TGACTATATCCGCAAATGAAGGCTGTTCTCTGACA
          1 TGACTATATCCGCAAATGAAGGCTGTTCTCTGACA

                                               
        281 TGACTATATCCGCAAATGAAGGCTGTTCTCTGACA
          1 TGACTATATCCGCAAATGAAGGCTGTTCTCTGACA

                                               
        316 TGACTATATCCGCAAATGAAGGCTGTTCTCTGACA
          1 TGACTATATCCGCAAATGAAGGCTGTTCTCTGACA

                                               
        351 TGACTATATCCGCAAATGAAGGCTGTTCTCTGACA
          1 TGACTATATCCGCAAATGAAGGCTGTTCTCTGACA

                                               
        386 TGACTATATCCGCAAATGAAGGCTGTTCTCTGACA
          1 TGACTATATCCGCAAATGAAGGCTGTTCTCTGACA

                                               
        421 TGACTATATCCGCAAATGAAGGCTGTTCTCTGACA
          1 TGACTATATCCGCAAATGAAGGCTGTTCTCTGACA

                                               
        456 TGACTATATCCGCAAATGAAGGCTGTTCTCTGACA
          1 TGACTATATCCGCAAATGAAGGCTGTTCTCTGACA

                                               
        491 TGACTATATCCGCAAATGAAGGCTGTTCTCTGACA
          1 TGACTATATCCGCAAATGAAGGCTGTTCTCTGACA

                                               
        526 TGACTATATCCGCAAATGAAGGCTGTTCTCTGACA
          1 TGACTATATCCGCAAATGAAGGCTGTTCTCTGACA

                                               
        561 TGACTATATCCGCAAATGAAGGCTGTTCTCTGACA
          1 TGACTATATCCGCAAATGAAGGCTGTTCTCTGACA

                                               
        596 TGACTATATCCGCAAATGAAGGCTGTTCTCTGACA
          1 TGACTATATCCGCAAATGAAGGCTGTTCTCTGACA

                                               
        631 TGACTATATCCGCAAATGAAGGCTGTTCTCTGACA
          1 TGACTATATCCGCAAATGAAGGCTGTTCTCTGACA

                                               
        666 TGACTATATCCGCAAATGAAGGCTGTTCTCTGACA
          1 TGACTATATCCGCAAATGAAGGCTGTTCTCTGACA

                                               
        701 TGACTATATCCGCAAATGAAGGCTGTTCTCTGACA
          1 TGACTATATCCGCAAATGAAGGCTGTTCTCTGACA

                                               
        736 TGACTATATCCGCAAATGAAGGCTGTTCTCTGACA
          1 TGACTATATCCGCAAATGAAGGCTGTTCTCTGACA

                                               
        771 TGACTATATCCGCAAATGAAGGCTGTTCTCTGACA
          1 TGACTATATCCGCAAATGAAGGCTGTTCTCTGACA

                                               
        806 TGACTATATCCGCAAATGAAGGCTGTTCTCTGACA
          1 TGACTATATCCGCAAATGAAGGCTGTTCTCTGACA

                                               
        841 TGACTATATCCGCAAATGAAGGCTGTTCTCTGACA
          1 TGACTATATCCGCAAATGAAGGCTGTTCTCTGACA

                                               
        876 TGACTATATCCGCAAATGAAGGCTGTTCTCTGACA
          1 TGACTATATCCGCAAATGAAGGCTGTTCTCTGACA

                                               
        911 TGACTATATCCGCAAATGAAGGCTGTTCTCTGACA
          1 TGACTATATCCGCAAATGAAGGCTGTTCTCTGACA

                                               
        946 TGACTATATCCGCAAATGAAGGCTGTTCTCTGACA
          1 TGACTATATCCGCAAATGAAGGCTGTTCTCTGACA

                                               
        981 TGACTATATCCGCAAATGAAGGCTGTTCTCTGACA
          1 TGACTATATCCGCAAATGAAGGCTGTTCTCTGACA

                                               
       1016 TGACTATATCCGCAAATGAAGGCTGTTCTCTGACA
          1 TGACTATATCCGCAAATGAAGGCTGTTCTCTGACA

                                               
       1051 TGACTATATCCGCAAATGAAGGCTGTTCTCTGACA
          1 TGACTATATCCGCAAATGAAGGCTGTTCTCTGACA

                                               
       1086 TGACTATATCCGCAAATGAAGGCTGTTCTCTGACA
          1 TGACTATATCCGCAAATGAAGGCTGTTCTCTGACA

                                               
       1121 TGACTATATCCGCAAATGAAGGCTGTTCTCTGACA
          1 TGACTATATCCGCAAATGAAGGCTGTTCTCTGACA

                                               
       1156 TGACTATATCCGCAAATGAAGGCTGTTCTCTGACA
          1 TGACTATATCCGCAAATGAAGGCTGTTCTCTGACA

                                               
       1191 TGACTATATCCGCAAATGAAGGCTGTTCTCTGACA
          1 TGACTATATCCGCAAATGAAGGCTGTTCTCTGACA


Statistics
Matches: 1190,  Mismatches: 0, Indels: 0
        1.00            0.00        0.00

Matches are distributed among these distances:
  35  1190  1.00

ACGTcount: A:0.29, C:0.23, G:0.20, T:0.29


Consensus pattern (35 bp):   
TGACTATATCCGCAAATGAAGGCTGTTCTCTGACA

Left flanking sequence: None

Right flanking sequence: None


Done.
</PRE></BODY></HTML>
